
> sports-graphics-platform@0.1.0 test
> vitest src/queue/jobs/render-print.test.js --run


[7m[1m[36m RUN [39m[22m[27m [36mv1.6.1[39m [90mD:/TempranoProjects/BlastAI/sports-graphics-platform/sports-graphics-platform[39m

 [33mΓ¥»[39m src/queue/jobs/render-print.test.js [2m ([22m[2m0 test[22m[2m)[22m

ΓÄ»ΓÄ»ΓÄ»ΓÄ»ΓÄ»ΓÄ» Failed Suites 1 ΓÄ»ΓÄ»ΓÄ»ΓÄ»ΓÄ»ΓÄ»ΓÄ»

 FAIL  src/queue/jobs/render-print.test.js [ src/queue/jobs/render-print.test.js ]
Error: Failed to parse source for import analysis because the content contains invalid JS syntax. If you are using JSX, make sure to name the file with the .jsx or .tsx extension.
 Γ¥» TransformPluginContext._formatError node_modules/vitest/node_modules/vite/dist/node/chunks/dep-BK3b2jBa.js:49258:41
 Γ¥» TransformPluginContext.error node_modules/vitest/node_modules/vite/dist/node/chunks/dep-BK3b2jBa.js:49253:16
 Γ¥» TransformPluginContext.transform node_modules/vitest/node_modules/vite/dist/node/chunks/dep-BK3b2jBa.js:64259:14
 Γ¥» PluginContainer.transform node_modules/vitest/node_modules/vite/dist/node/chunks/dep-BK3b2jBa.js:49099:18
 Γ¥» loadAndTransform node_modules/vitest/node_modules/vite/dist/node/chunks/dep-BK3b2jBa.js:51978:27

ΓÄ»ΓÄ»ΓÄ»ΓÄ»ΓÄ»ΓÄ»ΓÄ»ΓÄ»ΓÄ»ΓÄ»ΓÄ»ΓÄ»ΓÄ»ΓÄ»ΓÄ»ΓÄ»ΓÄ»ΓÄ»ΓÄ»ΓÄ»ΓÄ»ΓÄ»ΓÄ»ΓÄ»[1/1]ΓÄ»

[2m Test Files [22m [1m[31m1 failed[39m[22m[90m (1)[39m
[2m      Tests [22m [2mno tests[22m
[2m   Start at [22m 10:42:16
[2m   Duration [22m 374ms[2m (transform 39ms, setup 0ms, collect 0ms, tests 0ms, environment 0ms, prepare 114ms)[22m

